Enter the text you would like to spellcheck:
Use the end-of-input character (Ctrl-z in Windows, Ctrl-d
in Linux or MacOS) when done.
Found 12 misspelled words:
Twas is misspelled at 0
borogoves is misspelled at 17
brillig is misspelled at 1
gimble is misspelled at 9
gyre is misspelled at 7
mimsy is misspelled at 14
mome is misspelled at 20
outgrabe is misspelled at 22
raths is misspelled at 21
slithy is misspelled at 4
toves is misspelled at 5
wabe is misspelled at 12
